12-Jul-2026 12:12:16.328 INFO [main] org.apache.catalina.startup.VersionLoggerListener.log Server version name:   Apache Tomcat/9.0.120
12-Jul-2026 12:12:16.336 INFO [main] org.apache.catalina.startup.VersionLoggerListener.log Server built:          Jul 3 2026 07:49:53 UTC
12-Jul-2026 12:12:16.337 INFO [main] org.apache.catalina.startup.VersionLoggerListener.log Server version number: 9.0.120.0
12-Jul-2026 12:12:16.338 INFO [main] org.apache.catalina.startup.VersionLoggerListener.log OS Name:               Windows 10
12-Jul-2026 12:12:16.339 INFO [main] org.apache.catalina.startup.VersionLoggerListener.log OS Version:            10.0
12-Jul-2026 12:12:16.339 INFO [main] org.apache.catalina.startup.VersionLoggerListener.log Architecture:          amd64
12-Jul-2026 12:12:16.339 INFO [main] org.apache.catalina.startup.VersionLoggerListener.log Java Home:             C:\Program Files\Java\jdk-17
12-Jul-2026 12:12:16.340 INFO [main] org.apache.catalina.startup.VersionLoggerListener.log JVM Version:           17.0.10+11-LTS-240
12-Jul-2026 12:12:16.340 INFO [main] org.apache.catalina.startup.VersionLoggerListener.log JVM Vendor:            Oracle Corporation
12-Jul-2026 12:12:16.341 INFO [main] org.apache.catalina.startup.VersionLoggerListener.log CATALINA_BASE:         C:\Users\Dell\Downloads\Servers\apache-tomcat-9.0.120
12-Jul-2026 12:12:16.341 INFO [main] org.apache.catalina.startup.VersionLoggerListener.log CATALINA_HOME:         C:\Users\Dell\Downloads\Servers\apache-tomcat-9.0.120
12-Jul-2026 12:12:16.363 INFO [main] org.apache.catalina.startup.VersionLoggerListener.log Command line argument: --add-opens=java.base/java.lang=ALL-UNNAMED
12-Jul-2026 12:12:16.364 INFO [main] org.apache.catalina.startup.VersionLoggerListener.log Command line argument: --add-opens=java.base/java.lang.invoke=ALL-UNNAMED
12-Jul-2026 12:12:16.364 INFO [main] org.apache.catalina.startup.VersionLoggerListener.log Command line argument: --add-opens=java.base/java.lang.reflect=ALL-UNNAMED
12-Jul-2026 12:12:16.365 INFO [main] org.apache.catalina.startup.VersionLoggerListener.log Command line argument: --add-opens=java.base/java.io=ALL-UNNAMED
12-Jul-2026 12:12:16.365 INFO [main] org.apache.catalina.startup.VersionLoggerListener.log Command line argument: --add-opens=java.base/java.util=ALL-UNNAMED
12-Jul-2026 12:12:16.368 INFO [main] org.apache.catalina.startup.VersionLoggerListener.log Command line argument: --add-opens=java.base/java.util.concurrent=ALL-UNNAMED
12-Jul-2026 12:12:16.371 INFO [main] org.apache.catalina.startup.VersionLoggerListener.log Command line argument: --add-opens=java.rmi/sun.rmi.transport=ALL-UNNAMED
12-Jul-2026 12:12:16.371 INFO [main] org.apache.catalina.startup.VersionLoggerListener.log Command line argument: -Djava.util.logging.config.file=C:\Users\Dell\Downloads\Servers\apache-tomcat-9.0.120\conf\logging.properties
12-Jul-2026 12:12:16.372 INFO [main] org.apache.catalina.startup.VersionLoggerListener.log Command line argument: -Djava.util.logging.manager=org.apache.juli.ClassLoaderLogManager
12-Jul-2026 12:12:16.373 INFO [main] org.apache.catalina.startup.VersionLoggerListener.log Command line argument: -Djdk.tls.ephemeralDHKeySize=2048
12-Jul-2026 12:12:16.373 INFO [main] org.apache.catalina.startup.VersionLoggerListener.log Command line argument: -Djava.protocol.handler.pkgs=org.apache.catalina.webresources
12-Jul-2026 12:12:16.374 INFO [main] org.apache.catalina.startup.VersionLoggerListener.log Command line argument: -Dsun.io.useCanonCaches=false
12-Jul-2026 12:12:16.375 INFO [main] org.apache.catalina.startup.VersionLoggerListener.log Command line argument: -Dignore.endorsed.dirs=
12-Jul-2026 12:12:16.376 INFO [main] org.apache.catalina.startup.VersionLoggerListener.log Command line argument: -Dcatalina.base=C:\Users\Dell\Downloads\Servers\apache-tomcat-9.0.120
12-Jul-2026 12:12:16.376 INFO [main] org.apache.catalina.startup.VersionLoggerListener.log Command line argument: -Dcatalina.home=C:\Users\Dell\Downloads\Servers\apache-tomcat-9.0.120
12-Jul-2026 12:12:16.377 INFO [main] org.apache.catalina.startup.VersionLoggerListener.log Command line argument: -Djava.io.tmpdir=C:\Users\Dell\Downloads\Servers\apache-tomcat-9.0.120\temp
12-Jul-2026 12:12:16.390 INFO [main] org.apache.catalina.core.AprLifecycleListener.lifecycleEvent Loaded Apache Tomcat Native library [1.3.8] using APR version [1.7.6].
12-Jul-2026 12:12:16.390 INFO [main] org.apache.catalina.core.AprLifecycleListener.lifecycleEvent APR capabilities: IPv6 [true], sendfile [true], accept filters [false], random [true], UDS [true].
12-Jul-2026 12:12:16.392 INFO [main] org.apache.catalina.core.AprLifecycleListener.lifecycleEvent APR/OpenSSL configuration: useAprConnector [false], useOpenSSL [true]
12-Jul-2026 12:12:16.442 INFO [main] org.apache.catalina.core.AprLifecycleListener.initializeSSL OpenSSL successfully initialized [OpenSSL 3.0.21 9 Jun 2026]
12-Jul-2026 12:12:17.189 INFO [main] org.apache.coyote.AbstractProtocol.init Initializing ProtocolHandler ["http-nio-8080"]
12-Jul-2026 12:12:17.222 INFO [main] org.apache.catalina.startup.Catalina.load Server initialization in [1379] milliseconds
12-Jul-2026 12:12:17.294 INFO [main] org.apache.catalina.core.StandardService.startInternal Starting service [Catalina]
12-Jul-2026 12:12:17.294 INFO [main] org.apache.catalina.core.StandardEngine.startInternal Starting Servlet engine: [Apache Tomcat/9.0.120]
12-Jul-2026 12:12:17.307 INFO [main] org.apache.catalina.startup.HostConfig.deployDirectory Deploying web application directory [C:\Users\Dell\Downloads\Servers\apache-tomcat-9.0.120\webapps\docs]
12-Jul-2026 12:12:17.750 INFO [main] org.apache.catalina.startup.HostConfig.deployDirectory Deployment of web application directory [C:\Users\Dell\Downloads\Servers\apache-tomcat-9.0.120\webapps\docs] has finished in [442] ms
12-Jul-2026 12:12:17.751 INFO [main] org.apache.catalina.startup.HostConfig.deployDirectory Deploying web application directory [C:\Users\Dell\Downloads\Servers\apache-tomcat-9.0.120\webapps\examples]
12-Jul-2026 12:12:18.447 INFO [main] org.apache.catalina.startup.HostConfig.deployDirectory Deployment of web application directory [C:\Users\Dell\Downloads\Servers\apache-tomcat-9.0.120\webapps\examples] has finished in [696] ms
12-Jul-2026 12:12:18.448 INFO [main] org.apache.catalina.startup.HostConfig.deployDirectory Deploying web application directory [C:\Users\Dell\Downloads\Servers\apache-tomcat-9.0.120\webapps\host-manager]
12-Jul-2026 12:12:18.498 INFO [main] org.apache.catalina.startup.HostConfig.deployDirectory Deployment of web application directory [C:\Users\Dell\Downloads\Servers\apache-tomcat-9.0.120\webapps\host-manager] has finished in [50] ms
12-Jul-2026 12:12:18.500 INFO [main] org.apache.catalina.startup.HostConfig.deployDirectory Deploying web application directory [C:\Users\Dell\Downloads\Servers\apache-tomcat-9.0.120\webapps\manager]
12-Jul-2026 12:12:18.548 INFO [main] org.apache.catalina.startup.HostConfig.deployDirectory Deployment of web application directory [C:\Users\Dell\Downloads\Servers\apache-tomcat-9.0.120\webapps\manager] has finished in [47] ms
12-Jul-2026 12:12:18.548 INFO [main] org.apache.catalina.startup.HostConfig.deployDirectory Deploying web application directory [C:\Users\Dell\Downloads\Servers\apache-tomcat-9.0.120\webapps\ROOT]
12-Jul-2026 12:12:18.582 INFO [main] org.apache.catalina.startup.HostConfig.deployDirectory Deployment of web application directory [C:\Users\Dell\Downloads\Servers\apache-tomcat-9.0.120\webapps\ROOT] has finished in [31] ms
12-Jul-2026 12:12:18.586 INFO [main] org.apache.coyote.AbstractProtocol.start Starting ProtocolHandler ["http-nio-8080"]
12-Jul-2026 12:12:18.641 INFO [main] org.apache.catalina.startup.Catalina.start Server startup in [1418] milliseconds
12-Jul-2026 12:33:43.717 INFO [Thread-1] org.apache.coyote.AbstractProtocol.pause Pausing ProtocolHandler ["http-nio-8080"]
12-Jul-2026 12:33:43.880 INFO [Thread-1] org.apache.catalina.core.StandardService.stopInternal Stopping service [Catalina]
12-Jul-2026 12:33:43.959 INFO [Thread-1] org.apache.coyote.AbstractProtocol.stop Stopping ProtocolHandler ["http-nio-8080"]
12-Jul-2026 12:33:43.976 INFO [Thread-1] org.apache.coyote.AbstractProtocol.destroy Destroying ProtocolHandler ["http-nio-8080"]
