09-Jul-2026 18:25:05.311 INFO [main] org.apache.catalina.startup.VersionLoggerListener.log Server version name:   Apache Tomcat/9.0.120
09-Jul-2026 18:25:05.318 INFO [main] org.apache.catalina.startup.VersionLoggerListener.log Server built:          Jul 3 2026 07:49:53 UTC
09-Jul-2026 18:25:05.319 INFO [main] org.apache.catalina.startup.VersionLoggerListener.log Server version number: 9.0.120.0
09-Jul-2026 18:25:05.319 INFO [main] org.apache.catalina.startup.VersionLoggerListener.log OS Name:               Windows 10
09-Jul-2026 18:25:05.319 INFO [main] org.apache.catalina.startup.VersionLoggerListener.log OS Version:            10.0
09-Jul-2026 18:25:05.319 INFO [main] org.apache.catalina.startup.VersionLoggerListener.log Architecture:          amd64
09-Jul-2026 18:25:05.320 INFO [main] org.apache.catalina.startup.VersionLoggerListener.log Java Home:             C:\Program Files\Java\jdk-17
09-Jul-2026 18:25:05.320 INFO [main] org.apache.catalina.startup.VersionLoggerListener.log JVM Version:           17.0.10+11-LTS-240
09-Jul-2026 18:25:05.320 INFO [main] org.apache.catalina.startup.VersionLoggerListener.log JVM Vendor:            Oracle Corporation
09-Jul-2026 18:25:05.321 INFO [main] org.apache.catalina.startup.VersionLoggerListener.log CATALINA_BASE:         C:\Users\Dell\Downloads\Servers\apache-tomcat-9.0.120
09-Jul-2026 18:25:05.321 INFO [main] org.apache.catalina.startup.VersionLoggerListener.log CATALINA_HOME:         C:\Users\Dell\Downloads\Servers\apache-tomcat-9.0.120
09-Jul-2026 18:25:05.340 INFO [main] org.apache.catalina.startup.VersionLoggerListener.log Command line argument: --add-opens=java.base/java.lang=ALL-UNNAMED
09-Jul-2026 18:25:05.340 INFO [main] org.apache.catalina.startup.VersionLoggerListener.log Command line argument: --add-opens=java.base/java.lang.invoke=ALL-UNNAMED
09-Jul-2026 18:25:05.340 INFO [main] org.apache.catalina.startup.VersionLoggerListener.log Command line argument: --add-opens=java.base/java.lang.reflect=ALL-UNNAMED
09-Jul-2026 18:25:05.340 INFO [main] org.apache.catalina.startup.VersionLoggerListener.log Command line argument: --add-opens=java.base/java.io=ALL-UNNAMED
09-Jul-2026 18:25:05.341 INFO [main] org.apache.catalina.startup.VersionLoggerListener.log Command line argument: --add-opens=java.base/java.util=ALL-UNNAMED
09-Jul-2026 18:25:05.342 INFO [main] org.apache.catalina.startup.VersionLoggerListener.log Command line argument: --add-opens=java.base/java.util.concurrent=ALL-UNNAMED
09-Jul-2026 18:25:05.343 INFO [main] org.apache.catalina.startup.VersionLoggerListener.log Command line argument: --add-opens=java.rmi/sun.rmi.transport=ALL-UNNAMED
09-Jul-2026 18:25:05.343 INFO [main] org.apache.catalina.startup.VersionLoggerListener.log Command line argument: -Djava.util.logging.config.file=C:\Users\Dell\Downloads\Servers\apache-tomcat-9.0.120\conf\logging.properties
09-Jul-2026 18:25:05.344 INFO [main] org.apache.catalina.startup.VersionLoggerListener.log Command line argument: -Djava.util.logging.manager=org.apache.juli.ClassLoaderLogManager
09-Jul-2026 18:25:05.345 INFO [main] org.apache.catalina.startup.VersionLoggerListener.log Command line argument: -Djdk.tls.ephemeralDHKeySize=2048
09-Jul-2026 18:25:05.345 INFO [main] org.apache.catalina.startup.VersionLoggerListener.log Command line argument: -Djava.protocol.handler.pkgs=org.apache.catalina.webresources
09-Jul-2026 18:25:05.346 INFO [main] org.apache.catalina.startup.VersionLoggerListener.log Command line argument: -Dsun.io.useCanonCaches=false
09-Jul-2026 18:25:05.346 INFO [main] org.apache.catalina.startup.VersionLoggerListener.log Command line argument: -Dignore.endorsed.dirs=
09-Jul-2026 18:25:05.347 INFO [main] org.apache.catalina.startup.VersionLoggerListener.log Command line argument: -Dcatalina.base=C:\Users\Dell\Downloads\Servers\apache-tomcat-9.0.120
09-Jul-2026 18:25:05.348 INFO [main] org.apache.catalina.startup.VersionLoggerListener.log Command line argument: -Dcatalina.home=C:\Users\Dell\Downloads\Servers\apache-tomcat-9.0.120
09-Jul-2026 18:25:05.351 INFO [main] org.apache.catalina.startup.VersionLoggerListener.log Command line argument: -Djava.io.tmpdir=C:\Users\Dell\Downloads\Servers\apache-tomcat-9.0.120\temp
09-Jul-2026 18:25:05.362 INFO [main] org.apache.catalina.core.AprLifecycleListener.lifecycleEvent Loaded Apache Tomcat Native library [1.3.8] using APR version [1.7.6].
09-Jul-2026 18:25:05.362 INFO [main] org.apache.catalina.core.AprLifecycleListener.lifecycleEvent APR capabilities: IPv6 [true], sendfile [true], accept filters [false], random [true], UDS [true].
09-Jul-2026 18:25:05.363 INFO [main] org.apache.catalina.core.AprLifecycleListener.lifecycleEvent APR/OpenSSL configuration: useAprConnector [false], useOpenSSL [true]
09-Jul-2026 18:25:05.402 INFO [main] org.apache.catalina.core.AprLifecycleListener.initializeSSL OpenSSL successfully initialized [OpenSSL 3.0.21 9 Jun 2026]
09-Jul-2026 18:25:05.827 INFO [main] org.apache.coyote.AbstractProtocol.init Initializing ProtocolHandler ["http-nio-8080"]
09-Jul-2026 18:25:05.860 INFO [main] org.apache.catalina.startup.Catalina.load Server initialization in [862] milliseconds
09-Jul-2026 18:25:05.929 INFO [main] org.apache.catalina.core.StandardService.startInternal Starting service [Catalina]
09-Jul-2026 18:25:05.930 INFO [main] org.apache.catalina.core.StandardEngine.startInternal Starting Servlet engine: [Apache Tomcat/9.0.120]
09-Jul-2026 18:25:05.947 INFO [main] org.apache.catalina.startup.HostConfig.deployDirectory Deploying web application directory [C:\Users\Dell\Downloads\Servers\apache-tomcat-9.0.120\webapps\docs]
09-Jul-2026 18:25:06.366 INFO [main] org.apache.catalina.startup.HostConfig.deployDirectory Deployment of web application directory [C:\Users\Dell\Downloads\Servers\apache-tomcat-9.0.120\webapps\docs] has finished in [418] ms
09-Jul-2026 18:25:06.367 INFO [main] org.apache.catalina.startup.HostConfig.deployDirectory Deploying web application directory [C:\Users\Dell\Downloads\Servers\apache-tomcat-9.0.120\webapps\examples]
09-Jul-2026 18:25:06.900 INFO [main] org.apache.catalina.startup.HostConfig.deployDirectory Deployment of web application directory [C:\Users\Dell\Downloads\Servers\apache-tomcat-9.0.120\webapps\examples] has finished in [533] ms
09-Jul-2026 18:25:06.900 INFO [main] org.apache.catalina.startup.HostConfig.deployDirectory Deploying web application directory [C:\Users\Dell\Downloads\Servers\apache-tomcat-9.0.120\webapps\host-manager]
09-Jul-2026 18:25:06.949 INFO [main] org.apache.catalina.startup.HostConfig.deployDirectory Deployment of web application directory [C:\Users\Dell\Downloads\Servers\apache-tomcat-9.0.120\webapps\host-manager] has finished in [49] ms
09-Jul-2026 18:25:06.950 INFO [main] org.apache.catalina.startup.HostConfig.deployDirectory Deploying web application directory [C:\Users\Dell\Downloads\Servers\apache-tomcat-9.0.120\webapps\manager]
09-Jul-2026 18:25:06.994 INFO [main] org.apache.catalina.startup.HostConfig.deployDirectory Deployment of web application directory [C:\Users\Dell\Downloads\Servers\apache-tomcat-9.0.120\webapps\manager] has finished in [43] ms
09-Jul-2026 18:25:06.994 INFO [main] org.apache.catalina.startup.HostConfig.deployDirectory Deploying web application directory [C:\Users\Dell\Downloads\Servers\apache-tomcat-9.0.120\webapps\ROOT]
09-Jul-2026 18:25:07.029 INFO [main] org.apache.catalina.startup.HostConfig.deployDirectory Deployment of web application directory [C:\Users\Dell\Downloads\Servers\apache-tomcat-9.0.120\webapps\ROOT] has finished in [34] ms
09-Jul-2026 18:25:07.035 INFO [main] org.apache.coyote.AbstractProtocol.start Starting ProtocolHandler ["http-nio-8080"]
09-Jul-2026 18:25:07.085 INFO [main] org.apache.catalina.startup.Catalina.start Server startup in [1224] milliseconds
09-Jul-2026 18:26:57.141 INFO [Thread-1] org.apache.coyote.AbstractProtocol.pause Pausing ProtocolHandler ["http-nio-8080"]
09-Jul-2026 18:26:57.223 INFO [Thread-1] org.apache.catalina.core.StandardService.stopInternal Stopping service [Catalina]
09-Jul-2026 18:26:57.253 INFO [Thread-1] org.apache.coyote.AbstractProtocol.stop Stopping ProtocolHandler ["http-nio-8080"]
09-Jul-2026 18:26:57.271 INFO [Thread-1] org.apache.coyote.AbstractProtocol.destroy Destroying ProtocolHandler ["http-nio-8080"]
